// Jest Snapshot v1, https://goo.gl/fbAQLP

exports[`Navbar Component 1`] = `
<nav
  className="tablet:pl-3 tablet:pr-3 fixed m-auto flex w-[100%] items-center bg-white pt-[1.5rem] pb-[1.5rem] pl-8 pr-8 font-opensans"
>
  <div
    className="navbar flex w-[100%] items-center justify-between"
  >
    <div
      className="logo tablet:text-xl text-2xl"
    >
      <a
        href="/"
        onClick={[Function]}
        onMouseEnter={[Function]}
        onTouchStart={[Function]}
      >
        <span
          className="font-black"
        >
          COOK
        </span>
        IEZ
      </a>
    </div>
    <div
      className="nav-list"
    >
      <ul
        className="tablet:text-base flex items-center gap-10 text-lg"
      >
        <li
          onClick={[Function]}
        >
          Login
        </li>
        <li
          onClick={[Function]}
          onMouseEnter={[Function]}
          onTouchStart={[Function]}
        >
          Sign up
        </li>
        <li>
          <a
            href="/"
            onClick={[Function]}
            onMouseEnter={[Function]}
            onTouchStart={[Function]}
          >
            En
          </a>
          /
          <a
            href="/"
            onClick={[Function]}
            onMouseEnter={[Function]}
            onTouchStart={[Function]}
          >
            Tr
          </a>
        </li>
      </ul>
    </div>
  </div>
</nav>
`;
