// Jest Snapshot v1, https://goo.gl/fbAQLP

exports[`renders correctly 1`] = `
<div
  className="m-14 grid md:grid-cols-6 "
>
  <div
    className="md:col-span-1 "
  >
    <nav>
      <div>
        <div
          className="mt-[1px] flex justify-center"
        >
          <input
            className="rounded-xl font-semibold hover:font-bold"
            name="search"
            placeholder="Search"
            type="search"
          />
        </div>
        <h1
          className="flex justify-start pt-8 font-bold"
        >
          Categories
        </h1>
        <ul
          className="flex flex-col items-start px-2 pt-3"
        >
          <li
            className="font-sans hover:underline"
            onClick={[Function]}
          >
            All Menu
          </li>
        </ul>
      </div>
    </nav>
  </div>
  <div
    className="md:col-span-5 "
  >
    <div
      className="m-16 mt-8 grid gap-10 sm:grid-cols-1 lg:grid-cols-3"
    />
  </div>
</div>
`;
